\set ECHO none
 upgrade_schema 
----------------
              4
(1 row)

